CREATE EXTENSION new_town_method;
select new_town_method(1, 2, 3, 4);
 new_town_method  
------------------
 1.41421568627451
(1 row)

select new_town_method(1, 5, 3, 4);
 new_town_method  
------------------
 2.23809523809524
(1 row)

